I'm sorry, but errors were detected in your script. Please correct the
errors listed below, and try again.


File "game/script.rpy", line 38: expected statement.
    day++
       ^

Ren'Py Version: Ren'Py 6.99.14.3.3347
Thu Aug 15 12:56:44 2019
